[INFO] Scanning for projects...
[INFO] 
[INFO] ------------------------< com.postech:mecanica >------------------------
[INFO] Building  0.0.1-SNAPSHOT
[INFO]   from pom.xml
[INFO] --------------------------------[ jar ]---------------------------------
[INFO] 
[INFO] --- clean:3.5.0:clean (default-clean) @ mecanica ---
[INFO] Deleting C:\Users\marco\Documents\projects\mecanica\mecanica\target
[INFO] 
[INFO] --- jacoco:0.8.13:prepare-agent (prepare-agent) @ mecanica ---
[INFO] argLine set to -javaagent:C:\\Users\\marco\\.m2\\repository\\org\\jacoco\\org.jacoco.agent\\0.8.13\\org.jacoco.agent-0.8.13-runtime.jar=destfile=C:\\Users\\marco\\Documents\\projects\\mecanica\\mecanica\\target\\jacoco.exec,includes=com/postech/mecanica/controller/AuthController:com/postech/mecanica/controller/ClienteController:com/postech/mecanica/controller/OrdemServicoController:com/postech/mecanica/service/ClienteService
[INFO] 
[INFO] --- resources:3.5.0:resources (default-resources) @ mecanica ---
[INFO] Copying 1 resource from src\main\resources to target\classes
[INFO] Copying 1 resource from src\main\resources to target\classes
[INFO] 
[INFO] --- compiler:3.15.0:compile (default-compile) @ mecanica ---
[INFO] Recompiling the module because of changed source code.
[INFO] Compiling 67 source files with javac [debug parameters release 21] to target\classes
[INFO] /C:/Users/marco/Documents/projects/mecanica/mecanica/src/main/java/com/postech/mecanica/security/JwtAuthFilter.java: C:\Users\marco\Documents\projects\mecanica\mecanica\src\main\java\com\postech\mecanica\security\JwtAuthFilter.java uses or overrides a deprecated API.
[INFO] /C:/Users/marco/Documents/projects/mecanica/mecanica/src/main/java/com/postech/mecanica/security/JwtAuthFilter.java: Recompile with -Xlint:deprecation for details.
[INFO] 
[INFO] --- resources:3.5.0:testResources (default-testResources) @ mecanica ---
[INFO] skip non existing resourceDirectory C:\Users\marco\Documents\projects\mecanica\mecanica\src\test\resources
[INFO] 
[INFO] --- compiler:3.15.0:testCompile (default-testCompile) @ mecanica ---
[INFO] Recompiling the module because of changed dependency.
[INFO] Compiling 9 source files with javac [debug parameters release 21] to target\test-classes
[INFO] 
[INFO] --- surefire:3.5.6:test (default-test) @ mecanica ---
[INFO] Using auto detected provider org.apache.maven.surefire.junitplatform.JUnitPlatformProvider
[INFO] 
[INFO] -------------------------------------------------------
[INFO]  T E S T S
[INFO] -------------------------------------------------------
[INFO] Running com.postech.mecanica.controller.AuthControllerTest
Mockito is currently self-attaching to enable the inline-mock-maker. This will no longer work in future releases of the JDK. Please add Mockito as an agent to your build as described in Mockito's documentation: https://javadoc.io/doc/org.mockito/mockito-core/latest/org.mockito/org/mockito/Mockito.html#0.3
WARNING: A Java agent has been loaded dynamically (C:\Users\marco\.m2\repository\net\bytebuddy\byte-buddy-agent\1.18.10\byte-buddy-agent-1.18.10.jar)
WARNING: If a serviceability tool is in use, please run with -XX:+EnableDynamicAgentLoading to hide this warning
WARNING: If a serviceability tool is not in use, please run with -Djdk.instrument.traceUsage for more information
WARNING: Dynamic loading of agents will be disallowed by default in a future release
21:57:37.711 [main] INFO org.hibernate.validator.internal.util.Version -- HV000001: Hibernate Validator 9.1.0.Final
21:57:38.226 [main] INFO org.springframework.mock.web.MockServletContext -- Initializing Spring TestDispatcherServlet ''
21:57:38.234 [main] INFO org.springframework.test.web.servlet.TestDispatcherServlet -- Initializing Servlet ''
21:57:38.239 [main] INFO org.springframework.test.web.servlet.TestDispatcherServlet -- Completed initialization in 5 ms
[INFO] Tests run: 1, Failures: 0, Errors: 0, Skipped: 0, Time elapsed: 3.864 s -- in com.postech.mecanica.controller.AuthControllerTest
[INFO] Running com.postech.mecanica.controller.ClienteControllerTest
21:57:38.804 [main] INFO org.springframework.mock.web.MockServletContext -- Initializing Spring TestDispatcherServlet ''
21:57:38.804 [main] INFO org.springframework.test.web.servlet.TestDispatcherServlet -- Initializing Servlet ''
21:57:38.804 [main] INFO org.springframework.test.web.servlet.TestDispatcherServlet -- Completed initialization in 0 ms
21:57:38.943 [main] INFO org.springframework.mock.web.MockServletContext -- Initializing Spring TestDispatcherServlet ''
21:57:38.943 [main] INFO org.springframework.test.web.servlet.TestDispatcherServlet -- Initializing Servlet ''
21:57:38.943 [main] INFO org.springframework.test.web.servlet.TestDispatcherServlet -- Completed initialization in 0 ms
21:57:38.986 [main] INFO org.springframework.mock.web.MockServletContext -- Initializing Spring TestDispatcherServlet ''
21:57:38.986 [main] INFO org.springframework.test.web.servlet.TestDispatcherServlet -- Initializing Servlet ''
21:57:38.986 [main] INFO org.springframework.test.web.servlet.TestDispatcherServlet -- Completed initialization in 0 ms
21:57:39.003 [main] INFO org.springframework.mock.web.MockServletContext -- Initializing Spring TestDispatcherServlet ''
21:57:39.003 [main] INFO org.springframework.test.web.servlet.TestDispatcherServlet -- Initializing Servlet ''
21:57:39.003 [main] INFO org.springframework.test.web.servlet.TestDispatcherServlet -- Completed initialization in 0 ms
[INFO] Tests run: 4, Failures: 0, Errors: 0, Skipped: 0, Time elapsed: 0.288 s -- in com.postech.mecanica.controller.ClienteControllerTest
[INFO] Running com.postech.mecanica.controller.OrdemServicoControllerTest
21:57:39.125 [main] INFO org.springframework.mock.web.MockServletContext -- Initializing Spring TestDispatcherServlet ''
21:57:39.125 [main] INFO org.springframework.test.web.servlet.TestDispatcherServlet -- Initializing Servlet ''
21:57:39.125 [main] INFO org.springframework.test.web.servlet.TestDispatcherServlet -- Completed initialization in 0 ms
21:57:39.162 [main] INFO org.springframework.mock.web.MockServletContext -- Initializing Spring TestDispatcherServlet ''
21:57:39.162 [main] INFO org.springframework.test.web.servlet.TestDispatcherServlet -- Initializing Servlet ''
21:57:39.162 [main] INFO org.springframework.test.web.servlet.TestDispatcherServlet -- Completed initialization in 0 ms
21:57:39.193 [main] INFO org.springframework.mock.web.MockServletContext -- Initializing Spring TestDispatcherServlet ''
21:57:39.193 [main] INFO org.springframework.test.web.servlet.TestDispatcherServlet -- Initializing Servlet ''
21:57:39.193 [main] INFO org.springframework.test.web.servlet.TestDispatcherServlet -- Completed initialization in 0 ms
21:57:39.217 [main] INFO org.springframework.mock.web.MockServletContext -- Initializing Spring TestDispatcherServlet ''
21:57:39.217 [main] INFO org.springframework.test.web.servlet.TestDispatcherServlet -- Initializing Servlet ''
21:57:39.217 [main] INFO org.springframework.test.web.servlet.TestDispatcherServlet -- Completed initialization in 0 ms
[INFO] Tests run: 4, Failures: 0, Errors: 0, Skipped: 0, Time elapsed: 0.208 s -- in com.postech.mecanica.controller.OrdemServicoControllerTest
[INFO] Running com.postech.mecanica.MecanicaApplicationTests
21:57:39.300 [main] INFO org.springframework.test.context.support.AnnotationConfigContextLoaderUtils -- Could not detect default configuration classes for test class [com.postech.mecanica.MecanicaApplicationTests]: MecanicaApplicationTests does not declare any static, non-private, non-final, nested classes annotated with @Configuration.
21:57:39.417 [main] INFO org.springframework.boot.test.context.SpringBootTestContextBootstrapper -- Found @SpringBootConfiguration com.postech.mecanica.MecanicaApplication for test class com.postech.mecanica.MecanicaApplicationTests
21:57:39.472 [main] INFO org.springframework.test.context.support.AnnotationConfigContextLoaderUtils -- Could not detect default configuration classes for test class [com.postech.mecanica.MecanicaApplicationTests]: MecanicaApplicationTests does not declare any static, non-private, non-final, nested classes annotated with @Configuration.
21:57:39.472 [main] INFO org.springframework.boot.test.context.SpringBootTestContextBootstrapper -- Found @SpringBootConfiguration com.postech.mecanica.MecanicaApplication for test class com.postech.mecanica.MecanicaApplicationTests

  .   ____          _            __ _ _
 /\\ / ___'_ __ _ _(_)_ __  __ _ \ \ \ \
( ( )\___ | '_ | '_| | '_ \/ _` | \ \ \ \
 \\/  ___)| |_)| | | | | || (_| |  ) ) ) )
  '  |____| .__|_| |_|_| |_\__, | / / / /
 =========|_|==============|___/=/_/_/_/

 :: Spring Boot ::                (v4.1.0)

2026-08-14T21:57:39.944-03:00  INFO 21076 --- [mecanica] [           main] c.p.mecanica.MecanicaApplicationTests    : Starting MecanicaApplicationTests using Java 26.0.1 with PID 21076 (started by marco in C:\Users\marco\Documents\projects\mecanica\mecanica)
2026-08-14T21:57:39.946-03:00  INFO 21076 --- [mecanica] [           main] c.p.mecanica.MecanicaApplicationTests    : No active profile set, falling back to 1 default profile: "default"
2026-08-14T21:57:41.050-03:00  INFO 21076 --- [mecanica] [           main] .s.d.r.c.RepositoryConfigurationDelegate : Bootstrapping Spring Data JPA repositories in DEFAULT mode.
2026-08-14T21:57:41.143-03:00  INFO 21076 --- [mecanica] [           main] .s.d.r.c.RepositoryConfigurationDelegate : Finished Spring Data repository scanning in 71 ms. Found 8 JPA repository interfaces.
2026-08-14T21:57:41.827-03:00  INFO 21076 --- [mecanica] [           main] org.hibernate.orm.jpa                    : HHH008540: Processing PersistenceUnitInfo [name: default]
2026-08-14T21:57:41.951-03:00  INFO 21076 --- [mecanica] [           main] org.hibernate.orm.core                   : HHH000001: Hibernate ORM core version 7.4.1.Final
2026-08-14T21:57:42.617-03:00  INFO 21076 --- [mecanica] [           main] o.s.o.j.p.SpringPersistenceUnitInfo      : No LoadTimeWeaver setup: ignoring JPA class transformer
2026-08-14T21:57:42.696-03:00  INFO 21076 --- [mecanica] [           main] com.zaxxer.hikari.HikariDataSource       : HikariPool-1 - Starting...
2026-08-14T21:57:43.136-03:00  INFO 21076 --- [mecanica] [           main] com.zaxxer.hikari.pool.HikariPool        : HikariPool-1 - Added connection conn0: url=jdbc:h2:mem:75f35f59-f8a8-4cd8-9779-30796aeaaa1f user=SA
2026-08-14T21:57:43.138-03:00  INFO 21076 --- [mecanica] [           main] com.zaxxer.hikari.HikariDataSource       : HikariPool-1 - Start completed.
2026-08-14T21:57:43.299-03:00  INFO 21076 --- [mecanica] [           main] org.hibernate.orm.connections.pooling    : HHH10001005: Database info:
	Database JDBC URL [jdbc:h2:mem:75f35f59-f8a8-4cd8-9779-30796aeaaa1f]
	Database driver: H2 JDBC Driver
	Database dialect: H2Dialect
	Database version: 2.4.240
	Default catalog/schema: 75F35F59-F8A8-4CD8-9779-30796AEAAA1F/PUBLIC
	Autocommit mode: undefined/unknown
	Isolation level: READ_COMMITTED [default READ_COMMITTED]
	JDBC fetch size: 100
	Pool: DataSourceConnectionProvider
	Minimum pool size: undefined/unknown
	Maximum pool size: undefined/unknown
2026-08-14T21:57:44.950-03:00  INFO 21076 --- [mecanica] [           main] org.hibernate.orm.core                   : HHH000489: No JTA platform available (set 'hibernate.transaction.jta.platform' to enable JTA platform integration)
2026-08-14T21:57:45.109-03:00  INFO 21076 --- [mecanica] [           main] j.LocalContainerEntityManagerFactoryBean : Initialized JPA EntityManagerFactory for persistence unit 'default'
2026-08-14T21:57:45.244-03:00  INFO 21076 --- [mecanica] [           main] o.s.d.j.r.query.QueryEnhancerFactories   : Hibernate is in classpath; If applicable, HQL parser will be used.
2026-08-14T21:57:45.600-03:00  INFO 21076 --- [mecanica] [           main] eAuthenticationProviderManagerConfigurer : Global AuthenticationManager configured with AuthenticationProvider bean with name authenticationProvider
2026-08-14T21:57:45.601-03:00  WARN 21076 --- [mecanica] [           main] r$InitializeUserDetailsManagerConfigurer : Global AuthenticationManager configured with an AuthenticationProvider bean. UserDetailsService beans will not be used by Spring Security for automatically configuring username/password login. Consider removing the AuthenticationProvider bean. Alternatively, consider using the UserDetailsService in a manually instantiated DaoAuthenticationProvider. If the current configuration is intentional, to turn off this warning, increase the logging level of 'org.springframework.security.config.annotation.authentication.configuration.InitializeUserDetailsBeanManagerConfigurer' to ERROR
2026-08-14T21:57:46.884-03:00  WARN 21076 --- [mecanica] [           main] JpaBaseConfiguration$JpaWebConfiguration : spring.jpa.open-in-view is enabled by default. Therefore, database queries may be performed during view rendering. Explicitly configure spring.jpa.open-in-view to disable this warning
2026-08-14T21:57:47.912-03:00  INFO 21076 --- [mecanica] [           main] c.p.mecanica.MecanicaApplicationTests    : Started MecanicaApplicationTests in 8.378 seconds (process running for 13.945)
2026-08-14T21:57:47.917-03:00  WARN 21076 --- [mecanica] [           main] o.s.core.events.SpringDocAppInitializer  : SpringDoc /v3/api-docs endpoint is enabled by default. To disable it in production, set the property 'springdoc.api-docs.enabled=false'
2026-08-14T21:57:47.917-03:00  WARN 21076 --- [mecanica] [           main] o.s.core.events.SpringDocAppInitializer  : SpringDoc /swagger-ui.html endpoint is enabled by default. To disable it in production, set the property 'springdoc.swagger-ui.enabled=false'
[INFO] Tests run: 1, Failures: 0, Errors: 0, Skipped: 0, Time elapsed: 8.706 s -- in com.postech.mecanica.MecanicaApplicationTests
[INFO] Running com.postech.mecanica.service.ClienteServiceTest
[INFO] Tests run: 3, Failures: 0, Errors: 0, Skipped: 0, Time elapsed: 0.451 s -- in com.postech.mecanica.service.ClienteServiceTest
[INFO] Running com.postech.mecanica.service.EstoqueServiceTest
[INFO] Tests run: 3, Failures: 0, Errors: 0, Skipped: 0, Time elapsed: 0.094 s -- in com.postech.mecanica.service.EstoqueServiceTest
[INFO] Running com.postech.mecanica.service.OrdemServicoServiceTest
[INFO] Tests run: 2, Failures: 0, Errors: 0, Skipped: 0, Time elapsed: 0.264 s -- in com.postech.mecanica.service.OrdemServicoServiceTest
[INFO] Running com.postech.mecanica.service.ServicoServiceTest
[INFO] Tests run: 3, Failures: 0, Errors: 0, Skipped: 0, Time elapsed: 0.016 s -- in com.postech.mecanica.service.ServicoServiceTest
[INFO] Running com.postech.mecanica.service.VeiculoServiceTest
[INFO] Tests run: 3, Failures: 0, Errors: 0, Skipped: 0, Time elapsed: 0.009 s -- in com.postech.mecanica.service.VeiculoServiceTest
[INFO] 
[INFO] Results:
[INFO] 
[INFO] Tests run: 24, Failures: 0, Errors: 0, Skipped: 0
[INFO] 
[INFO] 
[INFO] --- jar:3.5.0:jar (default-jar) @ mecanica ---
[INFO] Building jar: C:\Users\marco\Documents\projects\mecanica\mecanica\target\mecanica-0.0.1-SNAPSHOT.jar
[INFO] 
[INFO] --- spring-boot:4.1.0:repackage (repackage) @ mecanica ---
[INFO] Replacing main artifact C:\Users\marco\Documents\projects\mecanica\mecanica\target\mecanica-0.0.1-SNAPSHOT.jar with repackaged archive, adding nested dependencies in BOOT-INF/.
[INFO] The original artifact has been renamed to C:\Users\marco\Documents\projects\mecanica\mecanica\target\mecanica-0.0.1-SNAPSHOT.jar.original
[INFO] 
[INFO] --- jacoco:0.8.13:report (report) @ mecanica ---
[INFO] Loading execution data file C:\Users\marco\Documents\projects\mecanica\mecanica\target\jacoco.exec
[INFO] Analyzed bundle '' with 0 classes
[INFO] 
[INFO] --- jacoco:0.8.13:check (check) @ mecanica ---
[INFO] Loading execution data file C:\Users\marco\Documents\projects\mecanica\mecanica\target\jacoco.exec
[INFO] Analyzed bundle 'mecanica' with 0 classes
[INFO] All coverage checks have been met.
[INFO] ------------------------------------------------------------------------
[INFO] BUILD SUCCESS
[INFO] ------------------------------------------------------------------------
[INFO] Total time:  22.529 s
[INFO] Finished at: 2026-08-14T21:57:50-03:00
[INFO] ------------------------------------------------------------------------
